
There are no discarded input sections

Memory Configuration

Name             Origin             Length             Attributes
*default*        0x00000000         0xffffffff

Linker script and memory map

LOAD /home/Ythunder/Desktop/OSdev/build/kernel/asm/entry.obj
LOAD /home/Ythunder/Desktop/OSdev/build/kernel/asm/drivers/gdt.obj
LOAD /home/Ythunder/Desktop/OSdev/build/kernel/asm/drivers/idt.obj
LOAD /home/Ythunder/Desktop/OSdev/build/kernel/asm/drivers/io.obj
LOAD /home/Ythunder/Desktop/OSdev/build/kernel/asm/drivers/isr.obj
LOAD /home/Ythunder/Desktop/OSdev/build/kernel/c/main.obj
LOAD /home/Ythunder/Desktop/OSdev/build/kernel/c/disk/ata.obj
LOAD /home/Ythunder/Desktop/OSdev/build/kernel/c/disk/fat.obj
LOAD /home/Ythunder/Desktop/OSdev/build/kernel/c/drivers/gdt.obj
LOAD /home/Ythunder/Desktop/OSdev/build/kernel/c/drivers/idt.obj
LOAD /home/Ythunder/Desktop/OSdev/build/kernel/c/drivers/initialize.obj
LOAD /home/Ythunder/Desktop/OSdev/build/kernel/c/drivers/isr.obj
LOAD /home/Ythunder/Desktop/OSdev/build/kernel/c/drivers/isrs_gen.obj
LOAD /home/Ythunder/Desktop/OSdev/build/kernel/c/drivers/memory.obj
LOAD /home/Ythunder/Desktop/OSdev/build/kernel/c/input-output/editor.obj
LOAD /home/Ythunder/Desktop/OSdev/build/kernel/c/input-output/execute.obj
LOAD /home/Ythunder/Desktop/OSdev/build/kernel/c/input-output/font.obj
LOAD /home/Ythunder/Desktop/OSdev/build/kernel/c/input-output/framebuffer.obj
LOAD /home/Ythunder/Desktop/OSdev/build/kernel/c/input-output/keyboard.obj
LOAD /home/Ythunder/Desktop/OSdev/build/kernel/c/input-output/pic.obj
LOAD /home/Ythunder/Desktop/OSdev/build/kernel/c/input-output/printoguri.obj
LOAD /home/Ythunder/Desktop/OSdev/build/kernel/c/input-output/psf.obj
LOAD /home/Ythunder/Desktop/OSdev/build/kernel/c/input-output/shell.obj
LOAD /home/Ythunder/Desktop/OSdev/build/kernel/c/input-output/timer.obj
LOAD /home/Ythunder/Desktop/OSdev/build/kernel/c/input-output/tty.obj
LOAD /home/Ythunder/Ythunder/OSdev/toolchain/lib/gcc/i686-elf/15.2.0/libgcc.a
                0x00500000                        phys = 0x500000
                0x00500000                        . = phys

.entry          0x00500000        0x9
                0x00500000                        __entry_start = .
 *(.entry)
 .entry         0x00500000        0x9 /home/Ythunder/Desktop/OSdev/build/kernel/asm/entry.obj
                0x00500000                _start

.text           0x00500010     0x535e
                0x00500010                        __text_start = .
 *(.text)
 .text          0x00500010       0x2c /home/Ythunder/Desktop/OSdev/build/kernel/asm/drivers/gdt.obj
                0x00500010                GDT_Load
 *fill*         0x0050003c        0x4 
 .text          0x00500040        0xd /home/Ythunder/Desktop/OSdev/build/kernel/asm/drivers/idt.obj
                0x00500040                IDT_Load
 *fill*         0x0050004d        0x3 
 .text          0x00500050       0x19 /home/Ythunder/Desktop/OSdev/build/kernel/asm/drivers/io.obj
                0x00500050                outb
                0x0050005b                inb
                0x00500064                Panic
                0x00500066                crash_me
 *fill*         0x00500069        0x7 
 .text          0x00500070      0xa69 /home/Ythunder/Desktop/OSdev/build/kernel/asm/drivers/isr.obj
                0x00500070                ISR0
                0x00500079                ISR1
                0x00500082                ISR2
                0x0050008b                ISR3
                0x00500094                ISR4
                0x0050009d                ISR5
                0x005000a6                ISR6
                0x005000af                ISR7
                0x005000b8                ISR8
                0x005000bf                ISR9
                0x005000c8                ISR10
                0x005000cf                ISR11
                0x005000d6                ISR12
                0x005000dd                ISR13
                0x005000e4                ISR14
                0x005000eb                ISR15
                0x005000f4                ISR16
                0x005000fd                ISR17
                0x00500104                ISR18
                0x0050010d                ISR19
                0x00500116                ISR20
                0x0050011f                ISR21
                0x00500126                ISR22
                0x0050012f                ISR23
                0x00500138                ISR24
                0x00500141                ISR25
                0x0050014a                ISR26
                0x00500153                ISR27
                0x0050015c                ISR28
                0x00500165                ISR29
                0x0050016c                ISR30
                0x00500173                ISR31
                0x0050017c                ISR32
                0x00500185                ISR33
                0x0050018e                ISR34
                0x00500197                ISR35
                0x005001a0                ISR36
                0x005001a9                ISR37
                0x005001b2                ISR38
                0x005001bb                ISR39
                0x005001c4                ISR40
                0x005001cd                ISR41
                0x005001d6                ISR42
                0x005001df                ISR43
                0x005001e8                ISR44
                0x005001f1                ISR45
                0x005001fa                ISR46
                0x00500203                ISR47
                0x0050020c                ISR48
                0x00500215                ISR49
                0x0050021e                ISR50
                0x00500227                ISR51
                0x00500230                ISR52
                0x00500239                ISR53
                0x00500242                ISR54
                0x0050024b                ISR55
                0x00500254                ISR56
                0x0050025d                ISR57
                0x00500266                ISR58
                0x0050026f                ISR59
                0x00500278                ISR60
                0x00500281                ISR61
                0x0050028a                ISR62
                0x00500293                ISR63
                0x0050029c                ISR64
                0x005002a5                ISR65
                0x005002ae                ISR66
                0x005002b7                ISR67
                0x005002c0                ISR68
                0x005002c9                ISR69
                0x005002d2                ISR70
                0x005002db                ISR71
                0x005002e4                ISR72
                0x005002ed                ISR73
                0x005002f6                ISR74
                0x005002ff                ISR75
                0x00500308                ISR76
                0x00500311                ISR77
                0x0050031a                ISR78
                0x00500323                ISR79
                0x0050032c                ISR80
                0x00500335                ISR81
                0x0050033e                ISR82
                0x00500347                ISR83
                0x00500350                ISR84
                0x00500359                ISR85
                0x00500362                ISR86
                0x0050036b                ISR87
                0x00500374                ISR88
                0x0050037d                ISR89
                0x00500386                ISR90
                0x0050038f                ISR91
                0x00500398                ISR92
                0x005003a1                ISR93
                0x005003aa                ISR94
                0x005003b3                ISR95
                0x005003bc                ISR96
                0x005003c5                ISR97
                0x005003ce                ISR98
                0x005003d7                ISR99
                0x005003e0                ISR100
                0x005003e9                ISR101
                0x005003f2                ISR102
                0x005003fb                ISR103
                0x00500404                ISR104
                0x0050040d                ISR105
                0x00500416                ISR106
                0x0050041f                ISR107
                0x00500428                ISR108
                0x00500431                ISR109
                0x0050043a                ISR110
                0x00500443                ISR111
                0x0050044c                ISR112
                0x00500455                ISR113
                0x0050045e                ISR114
                0x00500467                ISR115
                0x00500470                ISR116
                0x00500479                ISR117
                0x00500482                ISR118
                0x0050048b                ISR119
                0x00500494                ISR120
                0x0050049d                ISR121
                0x005004a6                ISR122
                0x005004af                ISR123
                0x005004b8                ISR124
                0x005004c1                ISR125
                0x005004ca                ISR126
                0x005004d3                ISR127
                0x005004dc                ISR128
                0x005004e8                ISR129
                0x005004f4                ISR130
                0x00500500                ISR131
                0x0050050c                ISR132
                0x00500518                ISR133
                0x00500524                ISR134
                0x00500530                ISR135
                0x0050053c                ISR136
                0x00500548                ISR137
                0x00500554                ISR138
                0x00500560                ISR139
                0x0050056c                ISR140
                0x00500578                ISR141
                0x00500584                ISR142
                0x00500590                ISR143
                0x0050059c                ISR144
                0x005005a8                ISR145
                0x005005b4                ISR146
                0x005005c0                ISR147
                0x005005cc                ISR148
                0x005005d8                ISR149
                0x005005e4                ISR150
                0x005005f0                ISR151
                0x005005fc                ISR152
                0x00500608                ISR153
                0x00500614                ISR154
                0x00500620                ISR155
                0x0050062c                ISR156
                0x00500638                ISR157
                0x00500644                ISR158
                0x00500650                ISR159
                0x0050065c                ISR160
                0x00500668                ISR161
                0x00500674                ISR162
                0x00500680                ISR163
                0x0050068c                ISR164
                0x00500698                ISR165
                0x005006a4                ISR166
                0x005006b0                ISR167
                0x005006bc                ISR168
                0x005006c8                ISR169
                0x005006d4                ISR170
                0x005006e0                ISR171
                0x005006ec                ISR172
                0x005006f8                ISR173
                0x00500704                ISR174
                0x00500710                ISR175
                0x0050071c                ISR176
                0x00500728                ISR177
                0x00500734                ISR178
                0x00500740                ISR179
                0x0050074c                ISR180
                0x00500758                ISR181
                0x00500764                ISR182
                0x00500770                ISR183
                0x0050077c                ISR184
                0x00500788                ISR185
                0x00500794                ISR186
                0x005007a0                ISR187
                0x005007ac                ISR188
                0x005007b8                ISR189
                0x005007c4                ISR190
                0x005007d0                ISR191
                0x005007dc                ISR192
                0x005007e8                ISR193
                0x005007f4                ISR194
                0x00500800                ISR195
                0x0050080c                ISR196
                0x00500818                ISR197
                0x00500824                ISR198
                0x00500830                ISR199
                0x0050083c                ISR200
                0x00500848                ISR201
                0x00500854                ISR202
                0x00500860                ISR203
                0x0050086c                ISR204
                0x00500878                ISR205
                0x00500884                ISR206
                0x00500890                ISR207
                0x0050089c                ISR208
                0x005008a8                ISR209
                0x005008b4                ISR210
                0x005008c0                ISR211
                0x005008cc                ISR212
                0x005008d8                ISR213
                0x005008e4                ISR214
                0x005008f0                ISR215
                0x005008fc                ISR216
                0x00500908                ISR217
                0x00500914                ISR218
                0x00500920                ISR219
                0x0050092c                ISR220
                0x00500938                ISR221
                0x00500944                ISR222
                0x00500950                ISR223
                0x0050095c                ISR224
                0x00500968                ISR225
                0x00500974                ISR226
                0x00500980                ISR227
                0x0050098c                ISR228
                0x00500998                ISR229
                0x005009a4                ISR230
                0x005009b0                ISR231
                0x005009bc                ISR232
                0x005009c8                ISR233
                0x005009d4                ISR234
                0x005009e0                ISR235
                0x005009ec                ISR236
                0x005009f8                ISR237
                0x00500a04                ISR238
                0x00500a10                ISR239
                0x00500a1c                ISR240
                0x00500a28                ISR241
                0x00500a31                ISR242
                0x00500a3a                ISR243
                0x00500a43                ISR244
                0x00500a4c                ISR245
                0x00500a55                ISR246
                0x00500a5e                ISR247
                0x00500a67                ISR248
                0x00500a70                ISR249
                0x00500a79                ISR250
                0x00500a82                ISR251
                0x00500a8b                ISR252
                0x00500a94                ISR253
                0x00500a9d                ISR254
                0x00500aa6                ISR255
 .text          0x00500ad9      0x108 /home/Ythunder/Desktop/OSdev/build/kernel/c/main.obj
                0x00500ad9                kmain
 .text          0x00500be1      0x32b /home/Ythunder/Desktop/OSdev/build/kernel/c/disk/ata.obj
                0x00500c5d                ata_init
                0x00500ca0                ata_read28
                0x00500dce                ata_write28
 .text          0x00500f0c     0x13f2 /home/Ythunder/Desktop/OSdev/build/kernel/c/disk/fat.obj
                0x00500f0c                fat16_init
                0x005010fd                fat16_read_root
                0x0050114f                fat16_list
                0x00501269                fat16_find
                0x005013f6                fat16_read_fat
                0x00501470                fat16_read_file
                0x00501540                fat16_read_directory
                0x005015c4                fat16_find_in_dir
                0x005016cd                next_path_part
                0x00501744                fat16_find_path
                0x00501859                fat16_list_dir
                0x0050196e                fat16_list_dir_recursive
                0x00501b52                fat16_find_free_cluster
                0x00501bea                fat16_allocate_clusters
                0x00501c83                fat16_write_file_data
                0x00501db5                strcpy
                0x00501de4                fat16_flush_fat
                0x00501e47                fat16_create_file
                0x0050215d                fat16_dump_fat
                0x005021b2                fat16_dump_chain
                0x00502241                split_path
 .text          0x005022fe       0x1d /home/Ythunder/Desktop/OSdev/build/kernel/c/drivers/gdt.obj
                0x005022fe                GDT_Initialize
 .text          0x0050231b       0xba /home/Ythunder/Desktop/OSdev/build/kernel/c/drivers/idt.obj
                0x0050231b                IDT_SetGate
                0x0050237c                IDT_EnableGate
                0x0050239c                IDT_DisableGate
                0x005023bc                IDT_Initialize
 .text          0x005023d5       0x96 /home/Ythunder/Desktop/OSdev/build/kernel/c/drivers/initialize.obj
                0x005023d5                ALL_INIT
 .text          0x0050246b      0x1a1 /home/Ythunder/Desktop/OSdev/build/kernel/c/drivers/isr.obj
                0x0050246b                ISR_Initialize
                0x005024ad                ISR_Handler
                0x005025e8                ISR_RegisterHandler
 .text          0x0050260c     0x1489 /home/Ythunder/Desktop/OSdev/build/kernel/c/drivers/isrs_gen.obj
                0x0050260c                ISR_InitializeGates
 .text          0x00503a95       0xf5 /home/Ythunder/Desktop/OSdev/build/kernel/c/drivers/memory.obj
                0x00503a95                memcpy
                0x00503ae7                memset
                0x00503b2a                memcmp
 .text          0x00503b8a      0x154 /home/Ythunder/Desktop/OSdev/build/kernel/c/input-output/editor.obj
                0x00503b8a                editor
 .text          0x00503cde      0x6a3 /home/Ythunder/Desktop/OSdev/build/kernel/c/input-output/execute.obj
                0x00503cde                strncmp
                0x00503d37                strcmp
                0x00503d85                ends_with
                0x00503e1b                execute_command
                0x0050428c                run_uma
 .text          0x00504381        0x0 /home/Ythunder/Desktop/OSdev/build/kernel/c/input-output/font.obj
 .text          0x00504381      0x25c /home/Ythunder/Desktop/OSdev/build/kernel/c/input-output/framebuffer.obj
                0x00504381                framebuffer_init
                0x005043ca                putpixel
                0x005043f1                clear_driver
                0x0050444e                scroll
                0x00504537                fb_get_width
                0x00504541                fb_get_height
                0x0050454b                fb_save
                0x00504594                fb_restore
 .text          0x005045dd       0xff /home/Ythunder/Desktop/OSdev/build/kernel/c/input-output/keyboard.obj
                0x005046c1                keyboard_init
 .text          0x005046dc       0xdc /home/Ythunder/Desktop/OSdev/build/kernel/c/input-output/pic.obj
                0x005046dc                PIC_Remap
 .text          0x005047b8      0x229 /home/Ythunder/Desktop/OSdev/build/kernel/c/input-output/printoguri.obj
                0x005047b8                oguriprint
 .text          0x005049e1      0x76e /home/Ythunder/Desktop/OSdev/build/kernel/c/input-output/psf.obj
                0x005049e1                psf_init
                0x00504a14                draw_char
                0x00504aac                clear
                0x00504adf                print
                0x00504c78                print_char
                0x00504ca1                print_string
                0x00504cc5                print_uint
                0x00504d5a                print_int
                0x00504d88                print_hex
                0x00504e1d                printf
                0x00504f80                print_buffer
                0x00505075                atoi
                0x005050c0                atoi_u16
                0x0050511b                cursor_save
                0x00505135                cursor_restore
 .text          0x0050514f       0xa4 /home/Ythunder/Desktop/OSdev/build/kernel/c/input-output/shell.obj
                0x0050514f                shell
 .text          0x005051f3       0xb5 /home/Ythunder/Desktop/OSdev/build/kernel/c/input-output/timer.obj
                0x00505218                PIT_init
                0x0050527d                sleep
 .text          0x005052a8       0xc6 /home/Ythunder/Desktop/OSdev/build/kernel/c/input-output/tty.obj
                0x005052a8                tty_init
                0x005052c2                tty_keyboard_input
                0x00505312                tty_putchar
                0x00505331                tty_getchar

.data           0x00505380     0x1508
                0x00505380                        __data_start = .
 *(.data)
 .data          0x00505380        0x0 /home/Ythunder/Desktop/OSdev/build/kernel/c/main.obj
 .data          0x00505380        0x1 /home/Ythunder/Desktop/OSdev/build/kernel/c/disk/ata.obj
 *fill*         0x00505381        0x3 
 .data          0x00505384        0x8 /home/Ythunder/Desktop/OSdev/build/kernel/c/disk/fat.obj
 .data          0x0050538c       0x1e /home/Ythunder/Desktop/OSdev/build/kernel/c/drivers/gdt.obj
                0x0050538c                g_GDT
                0x005053a4                g_GDTDescriptor
 *fill*         0x005053aa        0x2 
 .data          0x005053ac        0x6 /home/Ythunder/Desktop/OSdev/build/kernel/c/drivers/idt.obj
                0x005053ac                g_IDTDescriptor
 .data          0x005053b2        0x0 /home/Ythunder/Desktop/OSdev/build/kernel/c/drivers/initialize.obj
 .data          0x005053b2        0x0 /home/Ythunder/Desktop/OSdev/build/kernel/c/drivers/isr.obj
 .data          0x005053b2        0x0 /home/Ythunder/Desktop/OSdev/build/kernel/c/drivers/isrs_gen.obj
 .data          0x005053b2        0x0 /home/Ythunder/Desktop/OSdev/build/kernel/c/drivers/memory.obj
 .data          0x005053b2        0x0 /home/Ythunder/Desktop/OSdev/build/kernel/c/input-output/editor.obj
 .data          0x005053b2        0x0 /home/Ythunder/Desktop/OSdev/build/kernel/c/input-output/execute.obj
 *fill*         0x005053b2        0xe 
 .data          0x005053c0     0x13a4 /home/Ythunder/Desktop/OSdev/build/kernel/c/input-output/font.obj
                0x005053c0                font_psf
                0x00506760                _usr_share_kbd_consolefonts_Lat2_Terminus16_psfu_len
 .data          0x00506764        0x0 /home/Ythunder/Desktop/OSdev/build/kernel/c/input-output/framebuffer.obj
 *fill*         0x00506764       0x1c 
 .data          0x00506780      0x100 /home/Ythunder/Desktop/OSdev/build/kernel/c/input-output/keyboard.obj
 .data          0x00506880        0x0 /home/Ythunder/Desktop/OSdev/build/kernel/c/input-output/pic.obj
 .data          0x00506880        0x0 /home/Ythunder/Desktop/OSdev/build/kernel/c/input-output/printoguri.obj
 .data          0x00506880        0x8 /home/Ythunder/Desktop/OSdev/build/kernel/c/input-output/psf.obj
 .data          0x00506888        0x0 /home/Ythunder/Desktop/OSdev/build/kernel/c/input-output/shell.obj
 .data          0x00506888        0x0 /home/Ythunder/Desktop/OSdev/build/kernel/c/input-output/timer.obj
 .data          0x00506888        0x0 /home/Ythunder/Desktop/OSdev/build/kernel/c/input-output/tty.obj

.rodata         0x005068a0     0x1213
                0x005068a0                        __rodata_start = .
 *(.rodata)
 .rodata        0x005068a0       0x96 /home/Ythunder/Desktop/OSdev/build/kernel/c/main.obj
 .rodata        0x00506936      0x1e9 /home/Ythunder/Desktop/OSdev/build/kernel/c/disk/fat.obj
 .rodata        0x00506b1f       0x11 /home/Ythunder/Desktop/OSdev/build/kernel/c/drivers/initialize.obj
 *fill*         0x00506b30       0x10 
 .rodata        0x00506b40      0x34f /home/Ythunder/Desktop/OSdev/build/kernel/c/drivers/isr.obj
 .rodata        0x00506e8f       0x62 /home/Ythunder/Desktop/OSdev/build/kernel/c/input-output/editor.obj
 *fill*         0x00506ef1        0x3 
 .rodata        0x00506ef4      0x10f /home/Ythunder/Desktop/OSdev/build/kernel/c/input-output/execute.obj
 *fill*         0x00507003        0x1 
 .rodata        0x00507004      0xa9d /home/Ythunder/Desktop/OSdev/build/kernel/c/input-output/printoguri.obj
 .rodata        0x00507aa1        0xe /home/Ythunder/Desktop/OSdev/build/kernel/c/input-output/psf.obj
 .rodata        0x00507aaf        0x4 /home/Ythunder/Desktop/OSdev/build/kernel/c/input-output/shell.obj

.bss            0x00507ac0   0x7ebee8
                0x00507ac0                        __bss_start = .
 *(.bss)
 .bss           0x00507ac0        0x0 /home/Ythunder/Desktop/OSdev/build/kernel/c/main.obj
 .bss           0x00507ac0        0x0 /home/Ythunder/Desktop/OSdev/build/kernel/c/disk/ata.obj
 .bss           0x00507ac0       0x34 /home/Ythunder/Desktop/OSdev/build/kernel/c/disk/fat.obj
 .bss           0x00507af4        0x0 /home/Ythunder/Desktop/OSdev/build/kernel/c/drivers/gdt.obj
 *fill*         0x00507af4        0xc 
 .bss           0x00507b00      0x800 /home/Ythunder/Desktop/OSdev/build/kernel/c/drivers/idt.obj
                0x00507b00                g_IDT
 .bss           0x00508300        0x0 /home/Ythunder/Desktop/OSdev/build/kernel/c/drivers/initialize.obj
 .bss           0x00508300      0x400 /home/Ythunder/Desktop/OSdev/build/kernel/c/drivers/isr.obj
                0x00508300                g_ISRHandlers
 .bss           0x00508700        0x0 /home/Ythunder/Desktop/OSdev/build/kernel/c/drivers/isrs_gen.obj
 .bss           0x00508700        0x0 /home/Ythunder/Desktop/OSdev/build/kernel/c/drivers/memory.obj
 .bss           0x00508700     0x2004 /home/Ythunder/Desktop/OSdev/build/kernel/c/input-output/editor.obj
 .bss           0x0050a704        0x0 /home/Ythunder/Desktop/OSdev/build/kernel/c/input-output/execute.obj
 .bss           0x0050a704        0x0 /home/Ythunder/Desktop/OSdev/build/kernel/c/input-output/font.obj
 *fill*         0x0050a704       0x1c 
 .bss           0x0050a720   0x7e9024 /home/Ythunder/Desktop/OSdev/build/kernel/c/input-output/framebuffer.obj
 .bss           0x00cf3744        0x8 /home/Ythunder/Desktop/OSdev/build/kernel/c/input-output/keyboard.obj
 .bss           0x00cf374c        0x0 /home/Ythunder/Desktop/OSdev/build/kernel/c/input-output/pic.obj
 .bss           0x00cf374c        0x0 /home/Ythunder/Desktop/OSdev/build/kernel/c/input-output/printoguri.obj
 .bss           0x00cf374c       0x18 /home/Ythunder/Desktop/OSdev/build/kernel/c/input-output/psf.obj
 *fill*         0x00cf3764       0x1c 
 .bss           0x00cf3780      0x104 /home/Ythunder/Desktop/OSdev/build/kernel/c/input-output/shell.obj
                0x00cf3780                cmd
                0x00cf3880                index
 .bss           0x00cf3884        0x4 /home/Ythunder/Desktop/OSdev/build/kernel/c/input-output/timer.obj
                0x00cf3884                g_ticks
 *fill*         0x00cf3888       0x18 
 .bss           0x00cf38a0      0x108 /home/Ythunder/Desktop/OSdev/build/kernel/c/input-output/tty.obj
                0x00cf39a8                        __end = .
OUTPUT(/home/Ythunder/Desktop/OSdev/build/kernel.bin binary)

.debug_info     0x00000000     0x43f9
 .debug_info    0x00000000      0x1b8 /home/Ythunder/Desktop/OSdev/build/kernel/c/main.obj
 .debug_info    0x000001b8      0x2d8 /home/Ythunder/Desktop/OSdev/build/kernel/c/disk/ata.obj
 .debug_info    0x00000490      0xdd4 /home/Ythunder/Desktop/OSdev/build/kernel/c/disk/fat.obj
 .debug_info    0x00001264      0x1fa /home/Ythunder/Desktop/OSdev/build/kernel/c/drivers/gdt.obj
 .debug_info    0x0000145e      0x24e /home/Ythunder/Desktop/OSdev/build/kernel/c/drivers/idt.obj
 .debug_info    0x000016ac      0x1fd /home/Ythunder/Desktop/OSdev/build/kernel/c/drivers/initialize.obj
 .debug_info    0x000018a9      0x29c /home/Ythunder/Desktop/OSdev/build/kernel/c/drivers/isr.obj
 .debug_info    0x00001b45      0xd09 /home/Ythunder/Desktop/OSdev/build/kernel/c/drivers/isrs_gen.obj
 .debug_info    0x0000284e      0x1e8 /home/Ythunder/Desktop/OSdev/build/kernel/c/drivers/memory.obj
 .debug_info    0x00002a36      0x18b /home/Ythunder/Desktop/OSdev/build/kernel/c/input-output/editor.obj
 .debug_info    0x00002bc1      0x59e /home/Ythunder/Desktop/OSdev/build/kernel/c/input-output/execute.obj
 .debug_info    0x0000315f       0x9b /home/Ythunder/Desktop/OSdev/build/kernel/c/input-output/font.obj
 .debug_info    0x000031fa      0x341 /home/Ythunder/Desktop/OSdev/build/kernel/c/input-output/framebuffer.obj
 .debug_info    0x0000353b      0x28f /home/Ythunder/Desktop/OSdev/build/kernel/c/input-output/keyboard.obj
 .debug_info    0x000037ca       0xdd /home/Ythunder/Desktop/OSdev/build/kernel/c/input-output/pic.obj
 .debug_info    0x000038a7       0xa3 /home/Ythunder/Desktop/OSdev/build/kernel/c/input-output/printoguri.obj
 .debug_info    0x0000394a      0x5b9 /home/Ythunder/Desktop/OSdev/build/kernel/c/input-output/psf.obj
 .debug_info    0x00003f03      0x116 /home/Ythunder/Desktop/OSdev/build/kernel/c/input-output/shell.obj
 .debug_info    0x00004019      0x262 /home/Ythunder/Desktop/OSdev/build/kernel/c/input-output/timer.obj
 .debug_info    0x0000427b      0x17e /home/Ythunder/Desktop/OSdev/build/kernel/c/input-output/tty.obj

.debug_abbrev   0x00000000     0x16db
 .debug_abbrev  0x00000000       0xf8 /home/Ythunder/Desktop/OSdev/build/kernel/c/main.obj
 .debug_abbrev  0x000000f8      0x13e /home/Ythunder/Desktop/OSdev/build/kernel/c/disk/ata.obj
 .debug_abbrev  0x00000236      0x2e7 /home/Ythunder/Desktop/OSdev/build/kernel/c/disk/fat.obj
 .debug_abbrev  0x0000051d       0xf0 /home/Ythunder/Desktop/OSdev/build/kernel/c/drivers/gdt.obj
 .debug_abbrev  0x0000060d      0x122 /home/Ythunder/Desktop/OSdev/build/kernel/c/drivers/idt.obj
 .debug_abbrev  0x0000072f      0x11c /home/Ythunder/Desktop/OSdev/build/kernel/c/drivers/initialize.obj
 .debug_abbrev  0x0000084b      0x150 /home/Ythunder/Desktop/OSdev/build/kernel/c/drivers/isr.obj
 .debug_abbrev  0x0000099b       0xbf /home/Ythunder/Desktop/OSdev/build/kernel/c/drivers/isrs_gen.obj
 .debug_abbrev  0x00000a5a       0xe2 /home/Ythunder/Desktop/OSdev/build/kernel/c/drivers/memory.obj
 .debug_abbrev  0x00000b3c      0x10e /home/Ythunder/Desktop/OSdev/build/kernel/c/input-output/editor.obj
 .debug_abbrev  0x00000c4a      0x195 /home/Ythunder/Desktop/OSdev/build/kernel/c/input-output/execute.obj
 .debug_abbrev  0x00000ddf       0x5e /home/Ythunder/Desktop/OSdev/build/kernel/c/input-output/font.obj
 .debug_abbrev  0x00000e3d      0x150 /home/Ythunder/Desktop/OSdev/build/kernel/c/input-output/framebuffer.obj
 .debug_abbrev  0x00000f8d      0x12f /home/Ythunder/Desktop/OSdev/build/kernel/c/input-output/keyboard.obj
 .debug_abbrev  0x000010bc       0x97 /home/Ythunder/Desktop/OSdev/build/kernel/c/input-output/pic.obj
 .debug_abbrev  0x00001153       0x6d /home/Ythunder/Desktop/OSdev/build/kernel/c/input-output/printoguri.obj
 .debug_abbrev  0x000011c0      0x1c7 /home/Ythunder/Desktop/OSdev/build/kernel/c/input-output/psf.obj
 .debug_abbrev  0x00001387       0xdb /home/Ythunder/Desktop/OSdev/build/kernel/c/input-output/shell.obj
 .debug_abbrev  0x00001462      0x145 /home/Ythunder/Desktop/OSdev/build/kernel/c/input-output/timer.obj
 .debug_abbrev  0x000015a7      0x134 /home/Ythunder/Desktop/OSdev/build/kernel/c/input-output/tty.obj

.debug_aranges  0x00000000      0x278
 .debug_aranges
                0x00000000       0x20 /home/Ythunder/Desktop/OSdev/build/kernel/c/main.obj
 .debug_aranges
                0x00000020       0x20 /home/Ythunder/Desktop/OSdev/build/kernel/c/disk/ata.obj
 .debug_aranges
                0x00000040       0x20 /home/Ythunder/Desktop/OSdev/build/kernel/c/disk/fat.obj
 .debug_aranges
                0x00000060       0x20 /home/Ythunder/Desktop/OSdev/build/kernel/c/drivers/gdt.obj
 .debug_aranges
                0x00000080       0x20 /home/Ythunder/Desktop/OSdev/build/kernel/c/drivers/idt.obj
 .debug_aranges
                0x000000a0       0x20 /home/Ythunder/Desktop/OSdev/build/kernel/c/drivers/initialize.obj
 .debug_aranges
                0x000000c0       0x20 /home/Ythunder/Desktop/OSdev/build/kernel/c/drivers/isr.obj
 .debug_aranges
                0x000000e0       0x20 /home/Ythunder/Desktop/OSdev/build/kernel/c/drivers/isrs_gen.obj
 .debug_aranges
                0x00000100       0x20 /home/Ythunder/Desktop/OSdev/build/kernel/c/drivers/memory.obj
 .debug_aranges
                0x00000120       0x20 /home/Ythunder/Desktop/OSdev/build/kernel/c/input-output/editor.obj
 .debug_aranges
                0x00000140       0x20 /home/Ythunder/Desktop/OSdev/build/kernel/c/input-output/execute.obj
 .debug_aranges
                0x00000160       0x18 /home/Ythunder/Desktop/OSdev/build/kernel/c/input-output/font.obj
 .debug_aranges
                0x00000178       0x20 /home/Ythunder/Desktop/OSdev/build/kernel/c/input-output/framebuffer.obj
 .debug_aranges
                0x00000198       0x20 /home/Ythunder/Desktop/OSdev/build/kernel/c/input-output/keyboard.obj
 .debug_aranges
                0x000001b8       0x20 /home/Ythunder/Desktop/OSdev/build/kernel/c/input-output/pic.obj
 .debug_aranges
                0x000001d8       0x20 /home/Ythunder/Desktop/OSdev/build/kernel/c/input-output/printoguri.obj
 .debug_aranges
                0x000001f8       0x20 /home/Ythunder/Desktop/OSdev/build/kernel/c/input-output/psf.obj
 .debug_aranges
                0x00000218       0x20 /home/Ythunder/Desktop/OSdev/build/kernel/c/input-output/shell.obj
 .debug_aranges
                0x00000238       0x20 /home/Ythunder/Desktop/OSdev/build/kernel/c/input-output/timer.obj
 .debug_aranges
                0x00000258       0x20 /home/Ythunder/Desktop/OSdev/build/kernel/c/input-output/tty.obj

.debug_line     0x00000000     0x1d9a
 .debug_line    0x00000000       0xa9 /home/Ythunder/Desktop/OSdev/build/kernel/c/main.obj
 .debug_line    0x000000a9      0x194 /home/Ythunder/Desktop/OSdev/build/kernel/c/disk/ata.obj
 .debug_line    0x0000023d      0x8c0 /home/Ythunder/Desktop/OSdev/build/kernel/c/disk/fat.obj
 .debug_line    0x00000afd       0x5c /home/Ythunder/Desktop/OSdev/build/kernel/c/drivers/gdt.obj
 .debug_line    0x00000b59       0x89 /home/Ythunder/Desktop/OSdev/build/kernel/c/drivers/idt.obj
 .debug_line    0x00000be2       0x9d /home/Ythunder/Desktop/OSdev/build/kernel/c/drivers/initialize.obj
 .debug_line    0x00000c7f       0xd8 /home/Ythunder/Desktop/OSdev/build/kernel/c/drivers/isr.obj
 .debug_line    0x00000d57      0x25f /home/Ythunder/Desktop/OSdev/build/kernel/c/drivers/isrs_gen.obj
 .debug_line    0x00000fb6       0xd0 /home/Ythunder/Desktop/OSdev/build/kernel/c/drivers/memory.obj
 .debug_line    0x00001086       0xe8 /home/Ythunder/Desktop/OSdev/build/kernel/c/input-output/editor.obj
 .debug_line    0x0000116e      0x350 /home/Ythunder/Desktop/OSdev/build/kernel/c/input-output/execute.obj
 .debug_line    0x000014be       0x3a /home/Ythunder/Desktop/OSdev/build/kernel/c/input-output/font.obj
 .debug_line    0x000014f8      0x1b6 /home/Ythunder/Desktop/OSdev/build/kernel/c/input-output/framebuffer.obj
 .debug_line    0x000016ae       0xd1 /home/Ythunder/Desktop/OSdev/build/kernel/c/input-output/keyboard.obj
 .debug_line    0x0000177f       0x7a /home/Ythunder/Desktop/OSdev/build/kernel/c/input-output/pic.obj
 .debug_line    0x000017f9       0x75 /home/Ythunder/Desktop/OSdev/build/kernel/c/input-output/printoguri.obj
 .debug_line    0x0000186e      0x34f /home/Ythunder/Desktop/OSdev/build/kernel/c/input-output/psf.obj
 .debug_line    0x00001bbd       0x8e /home/Ythunder/Desktop/OSdev/build/kernel/c/input-output/shell.obj
 .debug_line    0x00001c4b       0x9e /home/Ythunder/Desktop/OSdev/build/kernel/c/input-output/timer.obj
 .debug_line    0x00001ce9       0xb1 /home/Ythunder/Desktop/OSdev/build/kernel/c/input-output/tty.obj

.debug_str      0x00000000     0x2b28
 .debug_str     0x00000000      0x187 /home/Ythunder/Desktop/OSdev/build/kernel/c/main.obj
 .debug_str     0x00000187      0x151 /home/Ythunder/Desktop/OSdev/build/kernel/c/disk/ata.obj
 .debug_str     0x000002d8      0x599 /home/Ythunder/Desktop/OSdev/build/kernel/c/disk/fat.obj
 .debug_str     0x00000871      0x2f0 /home/Ythunder/Desktop/OSdev/build/kernel/c/drivers/gdt.obj
 .debug_str     0x00000b61      0x278 /home/Ythunder/Desktop/OSdev/build/kernel/c/drivers/idt.obj
 .debug_str     0x00000dd9      0x1ca /home/Ythunder/Desktop/OSdev/build/kernel/c/drivers/initialize.obj
 .debug_str     0x00000fa3      0x1a8 /home/Ythunder/Desktop/OSdev/build/kernel/c/drivers/isr.obj
 .debug_str     0x0000114b      0x854 /home/Ythunder/Desktop/OSdev/build/kernel/c/drivers/isrs_gen.obj
 .debug_str     0x0000199f      0x125 /home/Ythunder/Desktop/OSdev/build/kernel/c/drivers/memory.obj
 .debug_str     0x00001ac4      0x125 /home/Ythunder/Desktop/OSdev/build/kernel/c/input-output/editor.obj
 .debug_str     0x00001be9      0x2c4 /home/Ythunder/Desktop/OSdev/build/kernel/c/input-output/execute.obj
 .debug_str     0x00001ead      0x10d /home/Ythunder/Desktop/OSdev/build/kernel/c/input-output/font.obj
 .debug_str     0x00001fba      0x1b2 /home/Ythunder/Desktop/OSdev/build/kernel/c/input-output/framebuffer.obj
 .debug_str     0x0000216c      0x1af /home/Ythunder/Desktop/OSdev/build/kernel/c/input-output/keyboard.obj
 .debug_str     0x0000231b       0xfb /home/Ythunder/Desktop/OSdev/build/kernel/c/input-output/pic.obj
 .debug_str     0x00002416       0xe5 /home/Ythunder/Desktop/OSdev/build/kernel/c/input-output/printoguri.obj
 .debug_str     0x000024fb      0x27e /home/Ythunder/Desktop/OSdev/build/kernel/c/input-output/psf.obj
 .debug_str     0x00002779      0x103 /home/Ythunder/Desktop/OSdev/build/kernel/c/input-output/shell.obj
 .debug_str     0x0000287c      0x17a /home/Ythunder/Desktop/OSdev/build/kernel/c/input-output/timer.obj
 .debug_str     0x000029f6      0x132 /home/Ythunder/Desktop/OSdev/build/kernel/c/input-output/tty.obj

.debug_line_str
                0x00000000     0x11ef
 .debug_line_str
                0x00000000      0x111 /home/Ythunder/Desktop/OSdev/build/kernel/c/main.obj
 .debug_line_str
                0x00000111       0xc1 /home/Ythunder/Desktop/OSdev/build/kernel/c/disk/ata.obj
 .debug_line_str
                0x000001d2       0xe8 /home/Ythunder/Desktop/OSdev/build/kernel/c/disk/fat.obj
 .debug_line_str
                0x000002ba       0xc7 /home/Ythunder/Desktop/OSdev/build/kernel/c/drivers/gdt.obj
 .debug_line_str
                0x00000381       0xcd /home/Ythunder/Desktop/OSdev/build/kernel/c/drivers/idt.obj
 .debug_line_str
                0x0000044e      0x132 /home/Ythunder/Desktop/OSdev/build/kernel/c/drivers/initialize.obj
 .debug_line_str
                0x00000580       0xf6 /home/Ythunder/Desktop/OSdev/build/kernel/c/drivers/isr.obj
 .debug_line_str
                0x00000676       0xdc /home/Ythunder/Desktop/OSdev/build/kernel/c/drivers/isrs_gen.obj
 .debug_line_str
                0x00000752       0xd0 /home/Ythunder/Desktop/OSdev/build/kernel/c/drivers/memory.obj
 .debug_line_str
                0x00000822      0x12a /home/Ythunder/Desktop/OSdev/build/kernel/c/input-output/editor.obj
 .debug_line_str
                0x0000094c      0x143 /home/Ythunder/Desktop/OSdev/build/kernel/c/input-output/execute.obj
 .debug_line_str
                0x00000a8f       0x7f /home/Ythunder/Desktop/OSdev/build/kernel/c/input-output/font.obj
 .debug_line_str
                0x00000b0e       0xf4 /home/Ythunder/Desktop/OSdev/build/kernel/c/input-output/framebuffer.obj
 .debug_line_str
                0x00000c02      0x109 /home/Ythunder/Desktop/OSdev/build/kernel/c/input-output/keyboard.obj
 .debug_line_str
                0x00000d0b       0xee /home/Ythunder/Desktop/OSdev/build/kernel/c/input-output/pic.obj
 .debug_line_str
                0x00000df9       0x97 /home/Ythunder/Desktop/OSdev/build/kernel/c/input-output/printoguri.obj
 .debug_line_str
                0x00000e90       0xe8 /home/Ythunder/Desktop/OSdev/build/kernel/c/input-output/psf.obj
 .debug_line_str
                0x00000f78       0x98 /home/Ythunder/Desktop/OSdev/build/kernel/c/input-output/shell.obj
 .debug_line_str
                0x00001010      0x102 /home/Ythunder/Desktop/OSdev/build/kernel/c/input-output/timer.obj
 .debug_line_str
                0x00001112       0xdd /home/Ythunder/Desktop/OSdev/build/kernel/c/input-output/tty.obj

.comment        0x00000000      0x17c
 .comment       0x00000000       0x13 /home/Ythunder/Desktop/OSdev/build/kernel/c/main.obj
 .comment       0x00000013       0x13 /home/Ythunder/Desktop/OSdev/build/kernel/c/disk/ata.obj
 .comment       0x00000026       0x13 /home/Ythunder/Desktop/OSdev/build/kernel/c/disk/fat.obj
 .comment       0x00000039       0x13 /home/Ythunder/Desktop/OSdev/build/kernel/c/drivers/gdt.obj
 .comment       0x0000004c       0x13 /home/Ythunder/Desktop/OSdev/build/kernel/c/drivers/idt.obj
 .comment       0x0000005f       0x13 /home/Ythunder/Desktop/OSdev/build/kernel/c/drivers/initialize.obj
 .comment       0x00000072       0x13 /home/Ythunder/Desktop/OSdev/build/kernel/c/drivers/isr.obj
 .comment       0x00000085       0x13 /home/Ythunder/Desktop/OSdev/build/kernel/c/drivers/isrs_gen.obj
 .comment       0x00000098       0x13 /home/Ythunder/Desktop/OSdev/build/kernel/c/drivers/memory.obj
 .comment       0x000000ab       0x13 /home/Ythunder/Desktop/OSdev/build/kernel/c/input-output/editor.obj
 .comment       0x000000be       0x13 /home/Ythunder/Desktop/OSdev/build/kernel/c/input-output/execute.obj
 .comment       0x000000d1       0x13 /home/Ythunder/Desktop/OSdev/build/kernel/c/input-output/font.obj
 .comment       0x000000e4       0x13 /home/Ythunder/Desktop/OSdev/build/kernel/c/input-output/framebuffer.obj
 .comment       0x000000f7       0x13 /home/Ythunder/Desktop/OSdev/build/kernel/c/input-output/keyboard.obj
 .comment       0x0000010a       0x13 /home/Ythunder/Desktop/OSdev/build/kernel/c/input-output/pic.obj
 .comment       0x0000011d       0x13 /home/Ythunder/Desktop/OSdev/build/kernel/c/input-output/printoguri.obj
 .comment       0x00000130       0x13 /home/Ythunder/Desktop/OSdev/build/kernel/c/input-output/psf.obj
 .comment       0x00000143       0x13 /home/Ythunder/Desktop/OSdev/build/kernel/c/input-output/shell.obj
 .comment       0x00000156       0x13 /home/Ythunder/Desktop/OSdev/build/kernel/c/input-output/timer.obj
 .comment       0x00000169       0x13 /home/Ythunder/Desktop/OSdev/build/kernel/c/input-output/tty.obj

.debug_frame    0x00000000      0xc7c
 .debug_frame   0x00000000       0x34 /home/Ythunder/Desktop/OSdev/build/kernel/c/main.obj
 .debug_frame   0x00000034      0x118 /home/Ythunder/Desktop/OSdev/build/kernel/c/disk/ata.obj
 .debug_frame   0x0000014c      0x300 /home/Ythunder/Desktop/OSdev/build/kernel/c/disk/fat.obj
 .debug_frame   0x0000044c       0x34 /home/Ythunder/Desktop/OSdev/build/kernel/c/drivers/gdt.obj
 .debug_frame   0x00000480       0x94 /home/Ythunder/Desktop/OSdev/build/kernel/c/drivers/idt.obj
 .debug_frame   0x00000514       0x34 /home/Ythunder/Desktop/OSdev/build/kernel/c/drivers/initialize.obj
 .debug_frame   0x00000548       0x80 /home/Ythunder/Desktop/OSdev/build/kernel/c/drivers/isr.obj
 .debug_frame   0x000005c8       0x34 /home/Ythunder/Desktop/OSdev/build/kernel/c/drivers/isrs_gen.obj
 .debug_frame   0x000005fc       0x74 /home/Ythunder/Desktop/OSdev/build/kernel/c/drivers/memory.obj
 .debug_frame   0x00000670       0x34 /home/Ythunder/Desktop/OSdev/build/kernel/c/input-output/editor.obj
 .debug_frame   0x000006a4       0xb4 /home/Ythunder/Desktop/OSdev/build/kernel/c/input-output/execute.obj
 .debug_frame   0x00000758      0x118 /home/Ythunder/Desktop/OSdev/build/kernel/c/input-output/framebuffer.obj
 .debug_frame   0x00000870       0x54 /home/Ythunder/Desktop/OSdev/build/kernel/c/input-output/keyboard.obj
 .debug_frame   0x000008c4       0x34 /home/Ythunder/Desktop/OSdev/build/kernel/c/input-output/pic.obj
 .debug_frame   0x000008f8       0x34 /home/Ythunder/Desktop/OSdev/build/kernel/c/input-output/printoguri.obj
 .debug_frame   0x0000092c      0x21c /home/Ythunder/Desktop/OSdev/build/kernel/c/input-output/psf.obj
 .debug_frame   0x00000b48       0x2c /home/Ythunder/Desktop/OSdev/build/kernel/c/input-output/shell.obj
 .debug_frame   0x00000b74       0x74 /home/Ythunder/Desktop/OSdev/build/kernel/c/input-output/timer.obj
 .debug_frame   0x00000be8       0x94 /home/Ythunder/Desktop/OSdev/build/kernel/c/input-output/tty.obj

.debug_rnglists
                0x00000000       0x2d
 .debug_rnglists
                0x00000000       0x2d /home/Ythunder/Desktop/OSdev/build/kernel/c/disk/fat.obj
