Archive member included to satisfy reference by file (symbol)

/home/Ythunder/Ythunder/OSdev/toolchain/lib/gcc/i686-elf/15.2.0/libgcc.a(_udivdi3.o)
                              /home/Ythunder/Desktop/OSdev/build/stage2/c/stdio.obj (__udivdi3)
/home/Ythunder/Ythunder/OSdev/toolchain/lib/gcc/i686-elf/15.2.0/libgcc.a(_umoddi3.o)
                              /home/Ythunder/Desktop/OSdev/build/stage2/c/stdio.obj (__umoddi3)

There are no discarded input sections

Memory Configuration

Name             Origin             Length             Attributes
*default*        0x00000000         0xffffffff

Linker script and memory map

LOAD /home/Ythunder/Desktop/OSdev/build/stage2/asm/entry.obj
LOAD /home/Ythunder/Desktop/OSdev/build/stage2/asm/gdt.obj
LOAD /home/Ythunder/Desktop/OSdev/build/stage2/asm/idt.obj
LOAD /home/Ythunder/Desktop/OSdev/build/stage2/asm/io.obj
LOAD /home/Ythunder/Desktop/OSdev/build/stage2/asm/isr.obj
LOAD /home/Ythunder/Desktop/OSdev/build/stage2/asm/jump.obj
LOAD /home/Ythunder/Desktop/OSdev/build/stage2/asm/x86.obj
LOAD /home/Ythunder/Desktop/OSdev/build/stage2/c/ata.obj
LOAD /home/Ythunder/Desktop/OSdev/build/stage2/c/fat.obj
LOAD /home/Ythunder/Desktop/OSdev/build/stage2/c/gdt.obj
LOAD /home/Ythunder/Desktop/OSdev/build/stage2/c/idt.obj
LOAD /home/Ythunder/Desktop/OSdev/build/stage2/c/isr.obj
LOAD /home/Ythunder/Desktop/OSdev/build/stage2/c/isrs_gen.obj
LOAD /home/Ythunder/Desktop/OSdev/build/stage2/c/main.obj
LOAD /home/Ythunder/Desktop/OSdev/build/stage2/c/stdio.obj
LOAD /home/Ythunder/Ythunder/OSdev/toolchain/lib/gcc/i686-elf/15.2.0/libgcc.a
                0x00000500                        phys = 0x500
                0x00000500                        . = phys

.entry          0x00000500       0xcc
                0x00000500                        __entry_start = .
 *(.entry)
 .entry         0x00000500       0xcc /home/Ythunder/Desktop/OSdev/build/stage2/asm/entry.obj
                0x00000500                entry

.text           0x000005d0     0x3896
                0x000005d0                        __text_start = .
 *(.text)
 .text          0x000005d0       0x2c /home/Ythunder/Desktop/OSdev/build/stage2/asm/gdt.obj
                0x000005d0                GDT_Load
 *fill*         0x000005fc        0x4 
 .text          0x00000600        0xd /home/Ythunder/Desktop/OSdev/build/stage2/asm/idt.obj
                0x00000600                IDT_Load
 *fill*         0x0000060d        0x3 
 .text          0x00000610       0x19 /home/Ythunder/Desktop/OSdev/build/stage2/asm/io.obj
                0x00000610                outb
                0x0000061b                inb
                0x00000624                Panic
                0x00000626                crash_me
 *fill*         0x00000629        0x7 
 .text          0x00000630      0xa69 /home/Ythunder/Desktop/OSdev/build/stage2/asm/isr.obj
                0x00000630                ISR0
                0x00000639                ISR1
                0x00000642                ISR2
                0x0000064b                ISR3
                0x00000654                ISR4
                0x0000065d                ISR5
                0x00000666                ISR6
                0x0000066f                ISR7
                0x00000678                ISR8
                0x0000067f                ISR9
                0x00000688                ISR10
                0x0000068f                ISR11
                0x00000696                ISR12
                0x0000069d                ISR13
                0x000006a4                ISR14
                0x000006ab                ISR15
                0x000006b4                ISR16
                0x000006bd                ISR17
                0x000006c4                ISR18
                0x000006cd                ISR19
                0x000006d6                ISR20
                0x000006df                ISR21
                0x000006e6                ISR22
                0x000006ef                ISR23
                0x000006f8                ISR24
                0x00000701                ISR25
                0x0000070a                ISR26
                0x00000713                ISR27
                0x0000071c                ISR28
                0x00000725                ISR29
                0x0000072c                ISR30
                0x00000733                ISR31
                0x0000073c                ISR32
                0x00000745                ISR33
                0x0000074e                ISR34
                0x00000757                ISR35
                0x00000760                ISR36
                0x00000769                ISR37
                0x00000772                ISR38
                0x0000077b                ISR39
                0x00000784                ISR40
                0x0000078d                ISR41
                0x00000796                ISR42
                0x0000079f                ISR43
                0x000007a8                ISR44
                0x000007b1                ISR45
                0x000007ba                ISR46
                0x000007c3                ISR47
                0x000007cc                ISR48
                0x000007d5                ISR49
                0x000007de                ISR50
                0x000007e7                ISR51
                0x000007f0                ISR52
                0x000007f9                ISR53
                0x00000802                ISR54
                0x0000080b                ISR55
                0x00000814                ISR56
                0x0000081d                ISR57
                0x00000826                ISR58
                0x0000082f                ISR59
                0x00000838                ISR60
                0x00000841                ISR61
                0x0000084a                ISR62
                0x00000853                ISR63
                0x0000085c                ISR64
                0x00000865                ISR65
                0x0000086e                ISR66
                0x00000877                ISR67
                0x00000880                ISR68
                0x00000889                ISR69
                0x00000892                ISR70
                0x0000089b                ISR71
                0x000008a4                ISR72
                0x000008ad                ISR73
                0x000008b6                ISR74
                0x000008bf                ISR75
                0x000008c8                ISR76
                0x000008d1                ISR77
                0x000008da                ISR78
                0x000008e3                ISR79
                0x000008ec                ISR80
                0x000008f5                ISR81
                0x000008fe                ISR82
                0x00000907                ISR83
                0x00000910                ISR84
                0x00000919                ISR85
                0x00000922                ISR86
                0x0000092b                ISR87
                0x00000934                ISR88
                0x0000093d                ISR89
                0x00000946                ISR90
                0x0000094f                ISR91
                0x00000958                ISR92
                0x00000961                ISR93
                0x0000096a                ISR94
                0x00000973                ISR95
                0x0000097c                ISR96
                0x00000985                ISR97
                0x0000098e                ISR98
                0x00000997                ISR99
                0x000009a0                ISR100
                0x000009a9                ISR101
                0x000009b2                ISR102
                0x000009bb                ISR103
                0x000009c4                ISR104
                0x000009cd                ISR105
                0x000009d6                ISR106
                0x000009df                ISR107
                0x000009e8                ISR108
                0x000009f1                ISR109
                0x000009fa                ISR110
                0x00000a03                ISR111
                0x00000a0c                ISR112
                0x00000a15                ISR113
                0x00000a1e                ISR114
                0x00000a27                ISR115
                0x00000a30                ISR116
                0x00000a39                ISR117
                0x00000a42                ISR118
                0x00000a4b                ISR119
                0x00000a54                ISR120
                0x00000a5d                ISR121
                0x00000a66                ISR122
                0x00000a6f                ISR123
                0x00000a78                ISR124
                0x00000a81                ISR125
                0x00000a8a                ISR126
                0x00000a93                ISR127
                0x00000a9c                ISR128
                0x00000aa8                ISR129
                0x00000ab4                ISR130
                0x00000ac0                ISR131
                0x00000acc                ISR132
                0x00000ad8                ISR133
                0x00000ae4                ISR134
                0x00000af0                ISR135
                0x00000afc                ISR136
                0x00000b08                ISR137
                0x00000b14                ISR138
                0x00000b20                ISR139
                0x00000b2c                ISR140
                0x00000b38                ISR141
                0x00000b44                ISR142
                0x00000b50                ISR143
                0x00000b5c                ISR144
                0x00000b68                ISR145
                0x00000b74                ISR146
                0x00000b80                ISR147
                0x00000b8c                ISR148
                0x00000b98                ISR149
                0x00000ba4                ISR150
                0x00000bb0                ISR151
                0x00000bbc                ISR152
                0x00000bc8                ISR153
                0x00000bd4                ISR154
                0x00000be0                ISR155
                0x00000bec                ISR156
                0x00000bf8                ISR157
                0x00000c04                ISR158
                0x00000c10                ISR159
                0x00000c1c                ISR160
                0x00000c28                ISR161
                0x00000c34                ISR162
                0x00000c40                ISR163
                0x00000c4c                ISR164
                0x00000c58                ISR165
                0x00000c64                ISR166
                0x00000c70                ISR167
                0x00000c7c                ISR168
                0x00000c88                ISR169
                0x00000c94                ISR170
                0x00000ca0                ISR171
                0x00000cac                ISR172
                0x00000cb8                ISR173
                0x00000cc4                ISR174
                0x00000cd0                ISR175
                0x00000cdc                ISR176
                0x00000ce8                ISR177
                0x00000cf4                ISR178
                0x00000d00                ISR179
                0x00000d0c                ISR180
                0x00000d18                ISR181
                0x00000d24                ISR182
                0x00000d30                ISR183
                0x00000d3c                ISR184
                0x00000d48                ISR185
                0x00000d54                ISR186
                0x00000d60                ISR187
                0x00000d6c                ISR188
                0x00000d78                ISR189
                0x00000d84                ISR190
                0x00000d90                ISR191
                0x00000d9c                ISR192
                0x00000da8                ISR193
                0x00000db4                ISR194
                0x00000dc0                ISR195
                0x00000dcc                ISR196
                0x00000dd8                ISR197
                0x00000de4                ISR198
                0x00000df0                ISR199
                0x00000dfc                ISR200
                0x00000e08                ISR201
                0x00000e14                ISR202
                0x00000e20                ISR203
                0x00000e2c                ISR204
                0x00000e38                ISR205
                0x00000e44                ISR206
                0x00000e50                ISR207
                0x00000e5c                ISR208
                0x00000e68                ISR209
                0x00000e74                ISR210
                0x00000e80                ISR211
                0x00000e8c                ISR212
                0x00000e98                ISR213
                0x00000ea4                ISR214
                0x00000eb0                ISR215
                0x00000ebc                ISR216
                0x00000ec8                ISR217
                0x00000ed4                ISR218
                0x00000ee0                ISR219
                0x00000eec                ISR220
                0x00000ef8                ISR221
                0x00000f04                ISR222
                0x00000f10                ISR223
                0x00000f1c                ISR224
                0x00000f28                ISR225
                0x00000f34                ISR226
                0x00000f40                ISR227
                0x00000f4c                ISR228
                0x00000f58                ISR229
                0x00000f64                ISR230
                0x00000f70                ISR231
                0x00000f7c                ISR232
                0x00000f88                ISR233
                0x00000f94                ISR234
                0x00000fa0                ISR235
                0x00000fac                ISR236
                0x00000fb8                ISR237
                0x00000fc4                ISR238
                0x00000fd0                ISR239
                0x00000fdc                ISR240
                0x00000fe8                ISR241
                0x00000ff1                ISR242
                0x00000ffa                ISR243
                0x00001003                ISR244
                0x0000100c                ISR245
                0x00001015                ISR246
                0x0000101e                ISR247
                0x00001027                ISR248
                0x00001030                ISR249
                0x00001039                ISR250
                0x00001042                ISR251
                0x0000104b                ISR252
                0x00001054                ISR253
                0x0000105d                ISR254
                0x00001066                ISR255
 *fill*         0x00001099        0x7 
 .text          0x000010a0       0x19 /home/Ythunder/Desktop/OSdev/build/stage2/asm/jump.obj
                0x000010a0                jump_to_kernel
 *fill*         0x000010b9        0x7 
 .text          0x000010c0       0x4c /home/Ythunder/Desktop/OSdev/build/stage2/asm/x86.obj
                0x000010c0                x86_Video_WriteCharTeletype
                0x000010e9                x86_Video_ClearScreen
 .text          0x0000110c      0x1cc /home/Ythunder/Desktop/OSdev/build/stage2/c/ata.obj
                0x00001167                ata_init
                0x000011aa                ata_read28
 .text          0x000012d8      0x706 /home/Ythunder/Desktop/OSdev/build/stage2/c/fat.obj
                0x000012d8                fat16_init
                0x000014c9                fat16_read_root
                0x0000151b                fat16_list
                0x000016e3                fat16_find
                0x00001870                fat16_read_fat
                0x0000190e                fat16_read_file
 .text          0x000019de       0x1d /home/Ythunder/Desktop/OSdev/build/stage2/c/gdt.obj
                0x000019de                GDT_Initialize
 .text          0x000019fb       0xba /home/Ythunder/Desktop/OSdev/build/stage2/c/idt.obj
                0x000019fb                IDT_SetGate
                0x00001a5c                IDT_EnableGate
                0x00001a7c                IDT_DisableGate
                0x00001a9c                IDT_Initialize
 .text          0x00001ab5      0x1a1 /home/Ythunder/Desktop/OSdev/build/stage2/c/isr.obj
                0x00001ab5                ISR_Initialize
                0x00001af7                ISR_Handler
                0x00001c32                ISR_RegisterHandler
 .text          0x00001c56     0x1489 /home/Ythunder/Desktop/OSdev/build/stage2/c/isrs_gen.obj
                0x00001c56                ISR_InitializeGates
 .text          0x000030df      0x211 /home/Ythunder/Desktop/OSdev/build/stage2/c/main.obj
                0x000030df                start
                0x000032a8                read_cr0
                0x000032b9                check_protected_mode
 .text          0x000032f0      0x915 /home/Ythunder/Desktop/OSdev/build/stage2/c/stdio.obj
                0x000032f0                putchr
                0x0000331f                putcolor
                0x00003351                getchr
                0x00003373                getcolor
                0x00003398                setcursor
                0x00003409                clrscr
                0x00003497                scrollback
                0x00003585                putc
                0x00003695                puts
                0x000036c4                printf_unsigned
                0x00003768                printf_signed
                0x000037c5                printf
                0x00003b6c                print_buffer
 *fill*         0x00003c05        0xb 
 .text          0x00003c10      0x11a /home/Ythunder/Ythunder/OSdev/toolchain/lib/gcc/i686-elf/15.2.0/libgcc.a(_udivdi3.o)
                0x00003c10                __udivdi3
 *fill*         0x00003d2a        0x6 
 .text          0x00003d30      0x136 /home/Ythunder/Ythunder/OSdev/toolchain/lib/gcc/i686-elf/15.2.0/libgcc.a(_umoddi3.o)
                0x00003d30                __umoddi3

.data           0x00003e68       0x3c
                0x00003e68                        __data_start = .
 *(.data)
 .data          0x00003e68        0x4 /home/Ythunder/Desktop/OSdev/build/stage2/asm/x86.obj
 .data          0x00003e6c        0x1 /home/Ythunder/Desktop/OSdev/build/stage2/c/ata.obj
 *fill*         0x00003e6d        0x3 
 .data          0x00003e70        0x8 /home/Ythunder/Desktop/OSdev/build/stage2/c/fat.obj
 .data          0x00003e78       0x1e /home/Ythunder/Desktop/OSdev/build/stage2/c/gdt.obj
                0x00003e78                g_GDT
                0x00003e90                g_GDTDescriptor
 *fill*         0x00003e96        0x2 
 .data          0x00003e98        0x6 /home/Ythunder/Desktop/OSdev/build/stage2/c/idt.obj
                0x00003e98                g_IDTDescriptor
 .data          0x00003e9e        0x0 /home/Ythunder/Desktop/OSdev/build/stage2/c/isr.obj
 .data          0x00003e9e        0x0 /home/Ythunder/Desktop/OSdev/build/stage2/c/isrs_gen.obj
 .data          0x00003e9e        0x0 /home/Ythunder/Desktop/OSdev/build/stage2/c/main.obj
 *fill*         0x00003e9e        0x2 
 .data          0x00003ea0        0x4 /home/Ythunder/Desktop/OSdev/build/stage2/c/stdio.obj
                0x00003ea0                g_ScreenBuffer
 .data          0x00003ea4        0x0 /home/Ythunder/Ythunder/OSdev/toolchain/lib/gcc/i686-elf/15.2.0/libgcc.a(_udivdi3.o)
 .data          0x00003ea4        0x0 /home/Ythunder/Ythunder/OSdev/toolchain/lib/gcc/i686-elf/15.2.0/libgcc.a(_umoddi3.o)

.rodata         0x00003ec0      0x5c7
                0x00003ec0                        __rodata_start = .
 *(.rodata)
 .rodata        0x00003ec0      0x179 /home/Ythunder/Desktop/OSdev/build/stage2/c/fat.obj
 *fill*         0x00004039        0x7 
 .rodata        0x00004040      0x34f /home/Ythunder/Desktop/OSdev/build/stage2/c/isr.obj
 .rodata        0x0000438f       0xd7 /home/Ythunder/Desktop/OSdev/build/stage2/c/main.obj
 *fill*         0x00004466        0x2 
 .rodata        0x00004468       0x1f /home/Ythunder/Desktop/OSdev/build/stage2/c/stdio.obj
                0x00004468                SCREEN_WIDTH
                0x0000446c                SCREEN_HEIGHT
                0x00004470                DEFAULT_COLOR
                0x00004474                g_HexChars

.eh_frame       0x00004488       0xd8
 .eh_frame      0x00004488       0x64 /home/Ythunder/Ythunder/OSdev/toolchain/lib/gcc/i686-elf/15.2.0/libgcc.a(_udivdi3.o)
 .eh_frame      0x000044ec       0x74 /home/Ythunder/Ythunder/OSdev/toolchain/lib/gcc/i686-elf/15.2.0/libgcc.a(_umoddi3.o)

.bss            0x00004560      0xc48
                0x00004560                        __bss_start = .
 *(.bss)
 .bss           0x00004560        0x0 /home/Ythunder/Desktop/OSdev/build/stage2/c/ata.obj
 .bss           0x00004560       0x34 /home/Ythunder/Desktop/OSdev/build/stage2/c/fat.obj
 .bss           0x00004594        0x0 /home/Ythunder/Desktop/OSdev/build/stage2/c/gdt.obj
 *fill*         0x00004594        0xc 
 .bss           0x000045a0      0x800 /home/Ythunder/Desktop/OSdev/build/stage2/c/idt.obj
                0x000045a0                g_IDT
 .bss           0x00004da0      0x400 /home/Ythunder/Desktop/OSdev/build/stage2/c/isr.obj
                0x00004da0                g_ISRHandlers
 .bss           0x000051a0        0x0 /home/Ythunder/Desktop/OSdev/build/stage2/c/isrs_gen.obj
 .bss           0x000051a0        0x0 /home/Ythunder/Desktop/OSdev/build/stage2/c/main.obj
 .bss           0x000051a0        0x8 /home/Ythunder/Desktop/OSdev/build/stage2/c/stdio.obj
                0x000051a0                g_ScreenX
                0x000051a4                g_ScreenY
 .bss           0x000051a8        0x0 /home/Ythunder/Ythunder/OSdev/toolchain/lib/gcc/i686-elf/15.2.0/libgcc.a(_udivdi3.o)
 .bss           0x000051a8        0x0 /home/Ythunder/Ythunder/OSdev/toolchain/lib/gcc/i686-elf/15.2.0/libgcc.a(_umoddi3.o)
                0x000051a8                        __end = .
OUTPUT(/home/Ythunder/Desktop/OSdev/build/stage2.bin binary)

.debug_info     0x00000000     0x2b08
 .debug_info    0x00000000      0x21c /home/Ythunder/Desktop/OSdev/build/stage2/c/ata.obj
 .debug_info    0x0000021c      0x5b9 /home/Ythunder/Desktop/OSdev/build/stage2/c/fat.obj
 .debug_info    0x000007d5      0x1fa /home/Ythunder/Desktop/OSdev/build/stage2/c/gdt.obj
 .debug_info    0x000009cf      0x24e /home/Ythunder/Desktop/OSdev/build/stage2/c/idt.obj
 .debug_info    0x00000c1d      0x29c /home/Ythunder/Desktop/OSdev/build/stage2/c/isr.obj
 .debug_info    0x00000eb9      0xd09 /home/Ythunder/Desktop/OSdev/build/stage2/c/isrs_gen.obj
 .debug_info    0x00001bc2      0x379 /home/Ythunder/Desktop/OSdev/build/stage2/c/main.obj
 .debug_info    0x00001f3b      0x54c /home/Ythunder/Desktop/OSdev/build/stage2/c/stdio.obj
 .debug_info    0x00002487      0x331 /home/Ythunder/Ythunder/OSdev/toolchain/lib/gcc/i686-elf/15.2.0/libgcc.a(_udivdi3.o)
 .debug_info    0x000027b8      0x350 /home/Ythunder/Ythunder/OSdev/toolchain/lib/gcc/i686-elf/15.2.0/libgcc.a(_umoddi3.o)

.debug_abbrev   0x00000000      0xd95
 .debug_abbrev  0x00000000      0x122 /home/Ythunder/Desktop/OSdev/build/stage2/c/ata.obj
 .debug_abbrev  0x00000122      0x1eb /home/Ythunder/Desktop/OSdev/build/stage2/c/fat.obj
 .debug_abbrev  0x0000030d       0xf0 /home/Ythunder/Desktop/OSdev/build/stage2/c/gdt.obj
 .debug_abbrev  0x000003fd      0x122 /home/Ythunder/Desktop/OSdev/build/stage2/c/idt.obj
 .debug_abbrev  0x0000051f      0x150 /home/Ythunder/Desktop/OSdev/build/stage2/c/isr.obj
 .debug_abbrev  0x0000066f       0xbf /home/Ythunder/Desktop/OSdev/build/stage2/c/isrs_gen.obj
 .debug_abbrev  0x0000072e      0x1a7 /home/Ythunder/Desktop/OSdev/build/stage2/c/main.obj
 .debug_abbrev  0x000008d5      0x1f6 /home/Ythunder/Desktop/OSdev/build/stage2/c/stdio.obj
 .debug_abbrev  0x00000acb      0x15a /home/Ythunder/Ythunder/OSdev/toolchain/lib/gcc/i686-elf/15.2.0/libgcc.a(_udivdi3.o)
 .debug_abbrev  0x00000c25      0x170 /home/Ythunder/Ythunder/OSdev/toolchain/lib/gcc/i686-elf/15.2.0/libgcc.a(_umoddi3.o)

.debug_aranges  0x00000000      0x140
 .debug_aranges
                0x00000000       0x20 /home/Ythunder/Desktop/OSdev/build/stage2/c/ata.obj
 .debug_aranges
                0x00000020       0x20 /home/Ythunder/Desktop/OSdev/build/stage2/c/fat.obj
 .debug_aranges
                0x00000040       0x20 /home/Ythunder/Desktop/OSdev/build/stage2/c/gdt.obj
 .debug_aranges
                0x00000060       0x20 /home/Ythunder/Desktop/OSdev/build/stage2/c/idt.obj
 .debug_aranges
                0x00000080       0x20 /home/Ythunder/Desktop/OSdev/build/stage2/c/isr.obj
 .debug_aranges
                0x000000a0       0x20 /home/Ythunder/Desktop/OSdev/build/stage2/c/isrs_gen.obj
 .debug_aranges
                0x000000c0       0x20 /home/Ythunder/Desktop/OSdev/build/stage2/c/main.obj
 .debug_aranges
                0x000000e0       0x20 /home/Ythunder/Desktop/OSdev/build/stage2/c/stdio.obj
 .debug_aranges
                0x00000100       0x20 /home/Ythunder/Ythunder/OSdev/toolchain/lib/gcc/i686-elf/15.2.0/libgcc.a(_udivdi3.o)
 .debug_aranges
                0x00000120       0x20 /home/Ythunder/Ythunder/OSdev/toolchain/lib/gcc/i686-elf/15.2.0/libgcc.a(_umoddi3.o)

.debug_line     0x00000000     0x1040
 .debug_line    0x00000000      0x10e /home/Ythunder/Desktop/OSdev/build/stage2/c/ata.obj
 .debug_line    0x0000010e      0x31f /home/Ythunder/Desktop/OSdev/build/stage2/c/fat.obj
 .debug_line    0x0000042d       0x58 /home/Ythunder/Desktop/OSdev/build/stage2/c/gdt.obj
 .debug_line    0x00000485       0x85 /home/Ythunder/Desktop/OSdev/build/stage2/c/idt.obj
 .debug_line    0x0000050a       0xd0 /home/Ythunder/Desktop/OSdev/build/stage2/c/isr.obj
 .debug_line    0x000005da      0x25b /home/Ythunder/Desktop/OSdev/build/stage2/c/isrs_gen.obj
 .debug_line    0x00000835      0x113 /home/Ythunder/Desktop/OSdev/build/stage2/c/main.obj
 .debug_line    0x00000948      0x3ad /home/Ythunder/Desktop/OSdev/build/stage2/c/stdio.obj
 .debug_line    0x00000cf5      0x17b /home/Ythunder/Ythunder/OSdev/toolchain/lib/gcc/i686-elf/15.2.0/libgcc.a(_udivdi3.o)
 .debug_line    0x00000e70      0x1d0 /home/Ythunder/Ythunder/OSdev/toolchain/lib/gcc/i686-elf/15.2.0/libgcc.a(_umoddi3.o)

.debug_str      0x00000000     0x1cd7
 .debug_str     0x00000000      0x140 /home/Ythunder/Desktop/OSdev/build/stage2/c/ata.obj
 .debug_str     0x00000140      0x36f /home/Ythunder/Desktop/OSdev/build/stage2/c/fat.obj
 .debug_str     0x000004af      0x2f0 /home/Ythunder/Desktop/OSdev/build/stage2/c/gdt.obj
 .debug_str     0x0000079f      0x278 /home/Ythunder/Desktop/OSdev/build/stage2/c/idt.obj
 .debug_str     0x00000a17      0x1a8 /home/Ythunder/Desktop/OSdev/build/stage2/c/isr.obj
 .debug_str     0x00000bbf      0x854 /home/Ythunder/Desktop/OSdev/build/stage2/c/isrs_gen.obj
 .debug_str     0x00001413      0x280 /home/Ythunder/Desktop/OSdev/build/stage2/c/main.obj
 .debug_str     0x00001693      0x24a /home/Ythunder/Desktop/OSdev/build/stage2/c/stdio.obj
 .debug_str     0x000018dd      0x1fd /home/Ythunder/Ythunder/OSdev/toolchain/lib/gcc/i686-elf/15.2.0/libgcc.a(_udivdi3.o)
 .debug_str     0x00001ada      0x1fd /home/Ythunder/Ythunder/OSdev/toolchain/lib/gcc/i686-elf/15.2.0/libgcc.a(_umoddi3.o)

.debug_line_str
                0x00000000      0x88d
 .debug_line_str
                0x00000000       0xcd /home/Ythunder/Desktop/OSdev/build/stage2/c/ata.obj
 .debug_line_str
                0x000000cd       0xe1 /home/Ythunder/Desktop/OSdev/build/stage2/c/fat.obj
 .debug_line_str
                0x000001ae       0xcd /home/Ythunder/Desktop/OSdev/build/stage2/c/gdt.obj
 .debug_line_str
                0x0000027b       0xd3 /home/Ythunder/Desktop/OSdev/build/stage2/c/idt.obj
 .debug_line_str
                0x0000034e       0xe6 /home/Ythunder/Desktop/OSdev/build/stage2/c/isr.obj
 .debug_line_str
                0x00000434       0xe2 /home/Ythunder/Desktop/OSdev/build/stage2/c/isrs_gen.obj
 .debug_line_str
                0x00000516       0xf6 /home/Ythunder/Desktop/OSdev/build/stage2/c/main.obj
 .debug_line_str
                0x0000060c       0xe1 /home/Ythunder/Desktop/OSdev/build/stage2/c/stdio.obj
 .debug_line_str
                0x000006ed       0xd0 /home/Ythunder/Ythunder/OSdev/toolchain/lib/gcc/i686-elf/15.2.0/libgcc.a(_udivdi3.o)
 .debug_line_str
                0x000007bd       0xd0 /home/Ythunder/Ythunder/OSdev/toolchain/lib/gcc/i686-elf/15.2.0/libgcc.a(_umoddi3.o)

.comment        0x00000000       0xbe
 .comment       0x00000000       0x13 /home/Ythunder/Desktop/OSdev/build/stage2/c/ata.obj
 .comment       0x00000013       0x13 /home/Ythunder/Desktop/OSdev/build/stage2/c/fat.obj
 .comment       0x00000026       0x13 /home/Ythunder/Desktop/OSdev/build/stage2/c/gdt.obj
 .comment       0x00000039       0x13 /home/Ythunder/Desktop/OSdev/build/stage2/c/idt.obj
 .comment       0x0000004c       0x13 /home/Ythunder/Desktop/OSdev/build/stage2/c/isr.obj
 .comment       0x0000005f       0x13 /home/Ythunder/Desktop/OSdev/build/stage2/c/isrs_gen.obj
 .comment       0x00000072       0x13 /home/Ythunder/Desktop/OSdev/build/stage2/c/main.obj
 .comment       0x00000085       0x13 /home/Ythunder/Desktop/OSdev/build/stage2/c/stdio.obj
 .comment       0x00000098       0x13 /home/Ythunder/Ythunder/OSdev/toolchain/lib/gcc/i686-elf/15.2.0/libgcc.a(_udivdi3.o)
 .comment       0x000000ab       0x13 /home/Ythunder/Ythunder/OSdev/toolchain/lib/gcc/i686-elf/15.2.0/libgcc.a(_umoddi3.o)

.debug_frame    0x00000000      0x58c
 .debug_frame   0x00000000       0xd8 /home/Ythunder/Desktop/OSdev/build/stage2/c/ata.obj
 .debug_frame   0x000000d8      0x114 /home/Ythunder/Desktop/OSdev/build/stage2/c/fat.obj
 .debug_frame   0x000001ec       0x34 /home/Ythunder/Desktop/OSdev/build/stage2/c/gdt.obj
 .debug_frame   0x00000220       0x94 /home/Ythunder/Desktop/OSdev/build/stage2/c/idt.obj
 .debug_frame   0x000002b4       0x80 /home/Ythunder/Desktop/OSdev/build/stage2/c/isr.obj
 .debug_frame   0x00000334       0x34 /home/Ythunder/Desktop/OSdev/build/stage2/c/isrs_gen.obj
 .debug_frame   0x00000368       0x6c /home/Ythunder/Desktop/OSdev/build/stage2/c/main.obj
 .debug_frame   0x000003d4      0x1b8 /home/Ythunder/Desktop/OSdev/build/stage2/c/stdio.obj

.debug_rnglists
                0x00000000       0x60
 .debug_rnglists
                0x00000000       0x17 /home/Ythunder/Desktop/OSdev/build/stage2/c/fat.obj
 .debug_rnglists
                0x00000017       0x2a /home/Ythunder/Ythunder/OSdev/toolchain/lib/gcc/i686-elf/15.2.0/libgcc.a(_udivdi3.o)
 .debug_rnglists
                0x00000041       0x1f /home/Ythunder/Ythunder/OSdev/toolchain/lib/gcc/i686-elf/15.2.0/libgcc.a(_umoddi3.o)

.debug_loclists
                0x00000000      0x940
 .debug_loclists
                0x00000000      0x4de /home/Ythunder/Ythunder/OSdev/toolchain/lib/gcc/i686-elf/15.2.0/libgcc.a(_udivdi3.o)
 .debug_loclists
                0x000004de      0x462 /home/Ythunder/Ythunder/OSdev/toolchain/lib/gcc/i686-elf/15.2.0/libgcc.a(_umoddi3.o)
